2026-07-23 19:53:54,546 - INFO - Loading humming data into RAM. This may take a few minutes...
2026-07-23 19:54:02,308 - INFO - Loading humming data into RAM. This may take a few minutes...
2026-07-23 20:01:40,397 - INFO - Loading humming data into RAM. This may take a few minutes...
2026-07-23 20:01:57,623 - INFO - Loading classical data into RAM. This may take a few minutes...
2026-07-23 20:02:11,289 - INFO - All audio data successfully loaded and stacked into RAM.
2026-07-23 20:02:13,724 - INFO - Loss for discriminators (fake): 0.1989360898733139 (classical) | 0.1336374431848526 (humming)
2026-07-23 20:02:13,764 - INFO - Loss for discriminators (real): 0.7390129566192627 (classical) | 1.2508803606033325 (humming)
2026-07-23 20:02:15,459 - INFO - Loss for generators: 3.48603892326355 (classical) | 3.966569662094116 (humming)
2026-07-23 20:03:59,696 - INFO - Loss for discriminators (fake): 0.28371480107307434 (classical) | 0.1807212084531784 (humming)
2026-07-23 20:03:59,740 - INFO - Loss for discriminators (real): 0.399410218000412 (classical) | 0.2694787383079529 (humming)
2026-07-23 20:04:01,480 - INFO - Loss for generators: 1.3058371543884277 (classical) | 0.8880331516265869 (humming)
2026-07-23 20:05:45,876 - INFO - Loss for discriminators (fake): 0.4953750669956207 (classical) | 0.24420283734798431 (humming)
2026-07-23 20:05:45,919 - INFO - Loss for discriminators (real): 0.19743037223815918 (classical) | 0.2186158299446106 (humming)
2026-07-23 20:05:47,663 - INFO - Loss for generators: 0.8960006237030029 (classical) | 1.166259527206421 (humming)
2026-07-23 20:07:30,952 - INFO - Loss for discriminators (fake): 0.24236783385276794 (classical) | 0.30393990874290466 (humming)
2026-07-23 20:07:30,994 - INFO - Loss for discriminators (real): 0.12573298811912537 (classical) | 0.3883465528488159 (humming)
2026-07-23 20:07:32,730 - INFO - Loss for generators: 1.0130053758621216 (classical) | 0.7877334356307983 (humming)
2026-07-23 20:09:16,694 - INFO - Loss for discriminators (fake): 0.10430313646793365 (classical) | 0.4334399998188019 (humming)
2026-07-23 20:09:16,737 - INFO - Loss for discriminators (real): 0.276519775390625 (classical) | 0.13826614618301392 (humming)
2026-07-23 20:09:18,481 - INFO - Loss for generators: 0.7166525721549988 (classical) | 0.7923902273178101 (humming)
